 [CacheBuster] Server version: 4.0.0-1
 [CacheBuster] Local version: 4.0.0-1
 [CacheBuster] Version matches, no reload needed
 Download the React DevTools for a better development experience: https://reactjs.org/link/react-devtools
 [AuthStore] Initializing...
 [AuthStore] Loading initial auth state...
 [AuthStore] authStorage changed, fetching new auth state...
 [AuthStore] Initial auth state: Object
 [AuthStore] No authenticated user on init
 [AuthStore] New auth state: Object
 [AuthStore] Clearing user (not authenticated)
 You can reduce startup time if you configure your web server to add "Content-Encoding: gzip" response header when serving "Build/webgl-build.framework.js.unityweb" file.
 [UnityCache] 'https://www.mentalbreak.io/Build/webgl-build.data.unityweb' successfully revalidated and served from the browser cache
 You can reduce startup time if you configure your web server to add "Content-Encoding: gzip" response header when serving "Build/webgl-build.wasm.unityweb" file.
 You can reduce startup time if you configure your web server to add "Content-Encoding: gzip" response header when serving "Build/webgl-build.data.unityweb" file.
 [UnityMemory] Configuration Parameters - Can be set up in boot.config

     "memorysetup-allocator-temp-initial-block-size-main=262144"

     "memorysetup-allocator-temp-initial-block-size-worker=262144"

     "memorysetup-temp-allocator-size-audio-worker=65536"

     "memorysetup-temp-allocator-size-background-worker=32768"

     "memorysetup-bucket-allocator-granularity=16"

     "memorysetup-bucket-allocator-bucket-count=8"

     "memorysetup-bucket-allocator-block-size=4194304"

     "memorysetup-bucket-allocator-block-count=1"

     "memorysetup-main-allocator-block-size=16777216"

     "memorysetup-thread-allocator-block-size=16777216"

     "memorysetup-gfx-main-allocator-block-size=16777216"

     "memorysetup-gfx-thread-allocator-block-size=16777216"

     "memorysetup-cache-allocator-block-size=4194304"

     "memorysetup-typetree-allocator-block-size=2097152"

     "memorysetup-profiler-bucket-allocator-granularity=16"

     "memorysetup-profiler-bucket-allocator-bucket-count=8"

     "memorysetup-profiler-bucket-allocator-block-size=4194304"

     "memorysetup-profiler-bucket-allocator-block-count=1"

     "memorysetup-profiler-allocator-block-size=16777216"

     "memorysetup-profiler-editor-allocator-block-size=1048576"

     "memorysetup-temp-allocator-size-main=4194304"

     "memorysetup-job-temp-allocator-block-size=2097152"

     "memorysetup-job-temp-allocator-block-size-background=1048576"

     "memorysetup-job-temp-allocator-reduction-small-platforms=262144"

 Input System module state changed to: Initialized.

 [Physics::Module] Initialized fallback backend.

 [Physics::Module] Id: 0xdecafbad

 Loading player data from data.unity3d

 Initialize engine version: 6000.2.10f1 (d3d30d158480)

 [Subsystems] Discovering subsystems at path UnitySubsystems

 Creating WebGL 2.0 context.
 Renderer: WebKit WebGL

 Vendor:   WebKit

 Version:  OpenGL ES 3.0 (WebGL 2.0 (OpenGL ES 3.0 Chromium))

 GLES:     3

  EXT_clip_control EXT_color_buffer_float EXT_color_buffer_half_float EXT_conservative_depth EXT_depth_clamp EXT_disjoint_timer_query_webgl2 EXT_float_blend EXT_polygon_offset_clamp EXT_render_snorm EXT_texture_compression_bptc EXT_texture_compression_rgtc EXT_texture_filter_anisotropic EXT_texture_mirror_clamp_to_edge EXT_texture_norm16 KHR_parallel_shader_compile NV_shader_noperspective_interpolation OES_draw_buffers_indexed OES_sample_variables OES_shader_multisample_interpolation OES_texture_float_linear OVR_multiview2 WEBGL_blend_func_extended WEBGL_clip_cull_distance WEBGL_compressed_texture_s3tc WEBGL_compressed_texture_s3tc_srgb WEBGL_debug_renderer_info WEBGL_debug_shaders WEBGL_lose_context WEBGL_multi_draw WEBGL_polygon_mode WEBGL_provoking_vertex WEBGL_stencil_texturing GL_EXT_clip_control GL_EXT_color_buffer_float GL_EXT_color_buffer_half_float GL_EXT_conservative_depth GL_EXT_depth_clamp GL_EXT_disjoint_timer_query_webgl2 GL_EXT_float_blend GL_EXT_polygon_offset_clamp GL_EXT_render_snorm GL_EXT_

 texture_compression_bptc GL_EXT_texture_compression_rgtc GL_EXT_texture_filter_anisotropic GL_EXT_texture_mirror_clamp_to_edge GL_EXT_texture_norm16 GL_KHR_parallel_shader_compile GL_NV_shader_noperspective_interpolation GL_OES_draw_buffers_indexed GL_OES_sample_variables GL_OES_shader_multisample_interpolation GL_OES_texture_float_linear GL_OVR_multiview2 GL_WEBGL_blend_func_extended GL_WEBGL_clip_cull_distance GL_WEBGL_compressed_texture_s3tc GL_WEBGL_compressed_texture_s3tc_srgb GL_WEBGL_debug_renderer_info GL_WEBGL_debug_shaders GL_WEBGL_lose_context GL_WEBGL_multi_draw GL_WEBGL_polygon_mode GL_WEBGL_provoking_vertex GL_WEBGL_stencil_texturing

WebGL: INVALID_ENUM: getInternalformatParameter: invalid internalformat
WebGL: INVALID_ENUM: getInternalformatParameter: invalid internalformat
WebGL: INVALID_ENUM: getInternalformatParameter: invalid internalformat
WebGL: INVALID_ENUM: getInternalformatParameter: invalid internalformat
WebGL: INVALID_ENUM: getInternalformatParameter: invalid internalformat
WebGL: INVALID_ENUM: getInternalformatParameter: invalid internalformat
 OPENGL LOG: Creating OpenGL ES 3.0 graphics device ; Context level  <OpenGL ES 3.0> ; Context handle 1

 [Physics::Module] Selected backend.

 [Physics::Module] Name: PhysX

 [Physics::Module] Id: 0xf2b8ea05

 [Physics::Module] SDK Version: 4.1.2

 [Physics::Module] Integration Version: 1.0.0

 [Physics::Module] Threading Mode: Single-Threaded

 ERROR: Shader 
 Hidden/CoreSRP/CoreCopy shader is not supported on this GPU (none of subshaders/fallbacks are suitable)

 ERROR: Shader 
 Hidden/Universal/HDRDebugView shader is not supported on this GPU (none of subshaders/fallbacks are suitable)

 Input System initialize...

 UnloadTime: 1.100001 ms

 [FMODWebGLBankLoader] AutoCreate called (RuntimeInitializeOnLoadMethod)

 [FMODWebGLBankLoader] WebGL detected - creating bank loader

 [FMODWebGLBankLoader] Awake - Instance created

 [Settings] Loaded: Master=1.00, Music=0.60, SFX=1.00, TextSpeed=1.00

 BackgroundCommandHandler: Auto-loaded background 'bg_breakroom' from Resources (sprite: bg_breakroom_0)

 BackgroundCommandHandler: Auto-loaded background 'bg_bsod' from Resources (sprite: bg_bsod_0)

 BackgroundCommandHandler: Auto-loaded background 'bg_cafeteria' from Resources (sprite: bg_cafeteria_0)

 BackgroundCommandHandler: Auto-loaded background 'bg_classroom' from Resources (sprite: bg_classroom_0)

 BackgroundCommandHandler: Auto-loaded background 'bg_companystore' from Resources (sprite: bg_companystore_0)

 BackgroundCommandHandler: Auto-loaded background 'bg_conferenceroom' from Resources (sprite: bg_conferenceroom_0)

 BackgroundCommandHandler: Auto-loaded background 'bg_day_planner' from Resources (sprite: bg_day_planner_0)

 BackgroundCommandHandler: Auto-loaded background 'bg_gym' from Resources (sprite: bg_gym_0)

 BackgroundCommandHandler: Auto-loaded background 'bg_hall' from Resources (sprite: bg_hall_0)

 BackgroundCommandHandler: Auto-loaded background 'bg_intermission' from Resources (sprite: bg_intermission_0)

 BackgroundCommandHandler: Auto-loaded background 'bg_library' from Resources (sprite: bg_library_0)

 BackgroundCommandHandler: Auto-loaded background 'bg_loading' from Resources (sprite: bg_loading_0)

 BackgroundCommandHandler: Auto-loaded background 'bg_mainmenu' from Resources (sprite: bg_mainmenu_0)

 BackgroundCommandHandler: Auto-loaded background 'bg_majoritymind' from Resources (sprite: bg_majoritymind_0)

 BackgroundCommandHandler: Auto-loaded background 'bg_mind_meld' from Resources (sprite: bg_mind_meld_0)

 BackgroundCommandHandler: Auto-loaded background 'bg_minesweeper' from Resources (sprite: bg_minesweeper_0)

 BackgroundCommandHandler: Auto-loaded background 'bg_outside' from Resources (sprite: bg_outside_0)

 BackgroundCommandHandler: Auto-loaded background 'bg_party' from Resources (sprite: bg_party_0)

 BackgroundCommandHandler: Auto-loaded background 'bg_party_basement' from Resources (sprite: bg_party_basement_0)

 BackgroundCommandHandler: Auto-loaded background 'bg_party_upstairs' from Resources (sprite: bg_party_upstairs_0)

 BackgroundCommandHandler: Auto-loaded background 'bg_player_desk' from Resources (sprite: bg_player_desk_0)

 BackgroundCommandHandler: Auto-loaded background 'bg_supervisoroffice' from Resources (sprite: bg_supervisoroffice_0)

 BackgroundCommandHandler: Auto-loaded background 'bg_timmyroom' from Resources (sprite: bg_timmyroom_0)

 BackgroundCommandHandler: Auto-loaded background 'bg_timmydesk' from Resources (sprite: bg_timmydesk_0)

 BackgroundCommandHandler: Found 'Scene Background' via GameObject.Find

 BackgroundCommandHandler: Found background Image on 'Scene Background'

 BackgroundCommandHandler: Running in build mode, videos will be checked on demand

 CharacterSpriteManager: Loaded 8 manually assigned sprites

 CharacterPortraitData: Loaded base sprite for Alice: Alice base_0

 CharacterPortraitData: Loaded 15 talking frames for Alice

 CharacterPortraitData: Loaded 3 eye blink frames for Alice

 CharacterSpriteManager: Auto-loaded multi-frame character 'char_Alice' from Resources/Graphics/Characters/Alice

 CharacterPortraitData: No base sprite found in Resources/Graphics/Characters/Supervisor/Base

_JS_Log_Dump @ 65e61383-a075-4142-8b54-e91befe4db54:9
 CharacterPortraitData: No talking frames found in Resources/Graphics/Characters/Supervisor/Talking

_JS_Log_Dump @ 65e61383-a075-4142-8b54-e91befe4db54:9
 CharacterPortraitData: No eye frames found in Resources/Graphics/Characters/Supervisor/Eyes

_JS_Log_Dump @ 65e61383-a075-4142-8b54-e91befe4db54:9
 CharacterPortraitData: No base sprite found in Resources/Graphics/Characters/Timmy/Base

_JS_Log_Dump @ 65e61383-a075-4142-8b54-e91befe4db54:9
 CharacterPortraitData: No talking frames found in Resources/Graphics/Characters/Timmy/Talking

_JS_Log_Dump @ 65e61383-a075-4142-8b54-e91befe4db54:9
 CharacterPortraitData: No eye frames found in Resources/Graphics/Characters/Timmy/Eyes

_JS_Log_Dump @ 65e61383-a075-4142-8b54-e91befe4db54:9
 CharacterPortraitData: No base sprite found in Resources/Graphics/Characters/Btc/Base

_JS_Log_Dump @ 65e61383-a075-4142-8b54-e91befe4db54:9
 CharacterPortraitData: No talking frames found in Resources/Graphics/Characters/Btc/Talking

_JS_Log_Dump @ 65e61383-a075-4142-8b54-e91befe4db54:9
 CharacterPortraitData: No eye frames found in Resources/Graphics/Characters/Btc/Eyes

_JS_Log_Dump @ 65e61383-a075-4142-8b54-e91befe4db54:9
 CharacterPortraitData: No base sprite found in Resources/Graphics/Characters/Ari/Base

_JS_Log_Dump @ 65e61383-a075-4142-8b54-e91befe4db54:9
 CharacterPortraitData: No talking frames found in Resources/Graphics/Characters/Ari/Talking

_JS_Log_Dump @ 65e61383-a075-4142-8b54-e91befe4db54:9
 CharacterPortraitData: No eye frames found in Resources/Graphics/Characters/Ari/Eyes

_JS_Log_Dump @ 65e61383-a075-4142-8b54-e91befe4db54:9
 CharacterPortraitData: No base sprite found in Resources/Graphics/Characters/Charlotte/Base

_JS_Log_Dump @ 65e61383-a075-4142-8b54-e91befe4db54:9
 CharacterPortraitData: No talking frames found in Resources/Graphics/Characters/Charlotte/Talking

_JS_Log_Dump @ 65e61383-a075-4142-8b54-e91befe4db54:9
 CharacterPortraitData: No eye frames found in Resources/Graphics/Characters/Charlotte/Eyes

_JS_Log_Dump @ 65e61383-a075-4142-8b54-e91befe4db54:9
 CharacterPortraitData: No base sprite found in Resources/Graphics/Characters/Dina/Base

_JS_Log_Dump @ 65e61383-a075-4142-8b54-e91befe4db54:9
 CharacterPortraitData: No talking frames found in Resources/Graphics/Characters/Dina/Talking

_JS_Log_Dump @ 65e61383-a075-4142-8b54-e91befe4db54:9
 CharacterPortraitData: No eye frames found in Resources/Graphics/Characters/Dina/Eyes

_JS_Log_Dump @ 65e61383-a075-4142-8b54-e91befe4db54:9
 CharacterPortraitData: No base sprite found in Resources/Graphics/Characters/Noam/Base

_JS_Log_Dump @ 65e61383-a075-4142-8b54-e91befe4db54:9
 CharacterPortraitData: No talking frames found in Resources/Graphics/Characters/Noam/Talking

_JS_Log_Dump @ 65e61383-a075-4142-8b54-e91befe4db54:9
 CharacterPortraitData: No eye frames found in Resources/Graphics/Characters/Noam/Eyes

_JS_Log_Dump @ 65e61383-a075-4142-8b54-e91befe4db54:9
 CharacterPortraitData: No base sprite found in Resources/Graphics/Characters/Max/Base

_JS_Log_Dump @ 65e61383-a075-4142-8b54-e91befe4db54:9
 CharacterPortraitData: No talking frames found in Resources/Graphics/Characters/Max/Talking

_JS_Log_Dump @ 65e61383-a075-4142-8b54-e91befe4db54:9
 CharacterPortraitData: No eye frames found in Resources/Graphics/Characters/Max/Eyes

_JS_Log_Dump @ 65e61383-a075-4142-8b54-e91befe4db54:9
 CharacterSpriteManager: Portrait data dictionary contains 8 entries:

   - char_Alice: Base=Alice base_0, Talking=15 frames, Eyes=3 frames

   - char_Timmy: Base=timmy_0, Talking=1 frames, Eyes=3 frames

   - char_Supervisor: Base=supervisor_0, Talking=1 frames, Eyes=3 frames

   - char_Charlotte: Base=charlotte_0, Talking=1 frames, Eyes=3 frames

   - char_Ari: Base=ari_0, Talking=1 frames, Eyes=3 frames

   - char_Dina: Base=dina_0, Talking=1 frames, Eyes=3 frames

   - char_Noam: Base=noam_0, Talking=1 frames, Eyes=3 frames

   - char_Max: Base=max_0, Talking=1 frames, Eyes=3 frames

 CharacterSpriteManager: Found Canvas via LinePresenter in dialogue system: 'Canvas' on GameObject 'Canvas' (InstanceID: 10228)

 CharacterSpriteManager: Canvas mismatch! targetCanvas was 'Canvas' on 'Canvas', but correct Canvas is 'Canvas' on 'Canvas'. Updating...

_JS_Log_Dump @ 65e61383-a075-4142-8b54-e91befe4db54:9
 CharacterSpriteManager: Setting up sprites in Canvas 'Canvas' on GameObject 'Canvas' (InstanceID: 10228)

 === Canvas Hierarchy BEFORE sprite creation ===

 Canvas: 'Canvas' on GameObject 'Canvas'

 Total children: 7

   [0] Scene Background (ACTIVE)

   [1] Line Presenter (ACTIVE)

   [2] Options Presenter (ACTIVE)

   [3] LoadMenuPanel (INACTIVE)

   [4] OpenFeedbackFormButton (ACTIVE)

   [5] Feedback Form (INACTIVE)

   [6] PauseMenuPanel (INACTIVE)

 === End Hierarchy ===

 CharacterSpriteManager: Background index: 0, Dialogue UI index: 1

 CharacterSpriteManager: Calculated target sprite index: 1 (background: 0, dialogue: 1)

 CharacterSpriteManager: Creating sprites as children of Canvas 'Canvas' on 'Canvas'

 CharacterSpriteManager: Left sprite parent confirmed: 'Canvas'

 CharacterSpriteManager: Left sprite placed at sibling index: 1 in Canvas 'Canvas'

 CharacterSpriteManager: Dialogue UI index after left sprite placement: 2

 CharacterSpriteManager: Right sprite parent confirmed: 'Canvas'

 CharacterSpriteManager: Right sprite placed at sibling index: 2 in Canvas 'Canvas'

 === Canvas Hierarchy AFTER sprite creation ===

 Canvas: 'Canvas' on GameObject 'Canvas'

 Total children: 9

   [0] Scene Background (ACTIVE)

   [1] CharacterPortraitFrame_Left (INACTIVE) <-- LEFT SPRITE

   [2] CharacterPortraitFrame_Right (ACTIVE) <-- RIGHT SPRITE

   [3] Line Presenter (ACTIVE)

   [4] Options Presenter (ACTIVE)

   [5] LoadMenuPanel (INACTIVE)

   [6] OpenFeedbackFormButton (ACTIVE)

   [7] Feedback Form (INACTIVE)

   [8] PauseMenuPanel (INACTIVE)

 === End Hierarchy ===

 CharacterSpriteManager: FINAL INDICES - Background: 0, Left Sprite: 1, Right Sprite: 2, Dialogue UI: 3

 BackgroundCommandHandler: Auto-loaded background 'bg_breakroom' from Resources (sprite: bg_breakroom_0)

 BackgroundCommandHandler: Auto-loaded background 'bg_bsod' from Resources (sprite: bg_bsod_0)

 BackgroundCommandHandler: Auto-loaded background 'bg_cafeteria' from Resources (sprite: bg_cafeteria_0)

 BackgroundCommandHandler: Auto-loaded background 'bg_classroom' from Resources (sprite: bg_classroom_0)

 BackgroundCommandHandler: Auto-loaded background 'bg_companystore' from Resources (sprite: bg_companystore_0)

 BackgroundCommandHandler: Auto-loaded background 'bg_conferenceroom' from Resources (sprite: bg_conferenceroom_0)

 BackgroundCommandHandler: Auto-loaded background 'bg_day_planner' from Resources (sprite: bg_day_planner_0)

 BackgroundCommandHandler: Auto-loaded background 'bg_gym' from Resources (sprite: bg_gym_0)

 BackgroundCommandHandler: Auto-loaded background 'bg_hall' from Resources (sprite: bg_hall_0)

 BackgroundCommandHandler: Auto-loaded background 'bg_intermission' from Resources (sprite: bg_intermission_0)

 BackgroundCommandHandler: Auto-loaded background 'bg_library' from Resources (sprite: bg_library_0)

 BackgroundCommandHandler: Auto-loaded background 'bg_loading' from Resources (sprite: bg_loading_0)

 BackgroundCommandHandler: Auto-loaded background 'bg_mainmenu' from Resources (sprite: bg_mainmenu_0)

 BackgroundCommandHandler: Auto-loaded background 'bg_majoritymind' from Resources (sprite: bg_majoritymind_0)

 BackgroundCommandHandler: Auto-loaded background 'bg_mind_meld' from Resources (sprite: bg_mind_meld_0)

 BackgroundCommandHandler: Auto-loaded background 'bg_minesweeper' from Resources (sprite: bg_minesweeper_0)

 BackgroundCommandHandler: Auto-loaded background 'bg_outside' from Resources (sprite: bg_outside_0)

 BackgroundCommandHandler: Auto-loaded background 'bg_party' from Resources (sprite: bg_party_0)

 BackgroundCommandHandler: Auto-loaded background 'bg_party_basement' from Resources (sprite: bg_party_basement_0)

 BackgroundCommandHandler: Auto-loaded background 'bg_party_upstairs' from Resources (sprite: bg_party_upstairs_0)

 BackgroundCommandHandler: Auto-loaded background 'bg_player_desk' from Resources (sprite: bg_player_desk_0)

 BackgroundCommandHandler: Auto-loaded background 'bg_supervisoroffice' from Resources (sprite: bg_supervisoroffice_0)

 BackgroundCommandHandler: Auto-loaded background 'bg_timmyroom' from Resources (sprite: bg_timmyroom_0)

 BackgroundCommandHandler: Auto-loaded background 'bg_timmydesk' from Resources (sprite: bg_timmydesk_0)

 BackgroundCommandHandler: Found background Image on 'Scene Background'

 BackgroundCommandHandler: Running in build mode, videos will be checked on demand

 CommandHandlerRegistrar: Awake() starting - finding and registering command handlers

 CommandHandlerRegistrar: Found DialogueRunner on 'Dialogue System'

 CommandHandlerRegistrar: Found BackgroundCommandHandler on same GameObject

 CommandHandlerRegistrar: Found AudioCommandHandler on same GameObject

 CommandHandlerRegistrar: Found CheckpointCommandHandler on same GameObject

 CommandHandlerRegistrar: Found FMODAudioManager on same GameObject

 CommandHandlerRegistrar: Registered 'bg' command

 CommandHandlerRegistrar: Registered 'bgm' and 'sfx' commands

 CommandHandlerRegistrar: Registered 'checkpoint' command

 CommandHandlerRegistrar: Registered 'store' command with CompanyStore on CompanyStorePanel

 CommandHandlerRegistrar: Registered FMOD commands (music, music_stop, fmod, fmod_stop, fmod_loop, fmod_param)

 CommandHandlerRegistrar: All commands registered successfully!

 CommandHandlerRegistrar: Awake() complete - commands registered

 MVPCommandHandlers: Registered 3 command handler(s) (bg->BackgroundCommandHandler) (bgm/sfx->AudioCommandHandler)

 MVPCommandHandlers: Registered 3 command handler(s) (bg->BackgroundCommandHandler) (bgm/sfx->AudioCommandHandler)

 [FMODAudioUnlocker] Initialized, waiting for user gesture...

 [WelcomeOverlay] Disabled 0 input components (LineAdvancer stays enabled for state tracking)

 [WelcomeOverlay] Created for returning player

 Audio context resumed after 0.723 seconds.
 [FMODWebGLBankLoader] Start - Beginning bank loading process

65e61383-a075-4142-8b54-e91befe4db54:9 [FMODWebGLBankLoader] Platform: WebGLPlayer

65e61383-a075-4142-8b54-e91befe4db54:9 [FMODWebGLBankLoader] StreamingAssetsPath: https://www.mentalbreak.io/StreamingAssets

65e61383-a075-4142-8b54-e91befe4db54:9 [FMODWebGLBankLoader] Banks to load: Master.strings, Master, Music_A_Side, Music_B_Side, UI

65e61383-a075-4142-8b54-e91befe4db54:9 [FMODWebGLBankLoader] Starting manual bank load coroutine

65e61383-a075-4142-8b54-e91befe4db54:9 [FMODWebGLBankLoader] LoadAllBanksWebGL coroutine started

65e61383-a075-4142-8b54-e91befe4db54:9 PauseMenuManager: Cached PauseMenuPanel Image (enabled=True, raycastTarget=True)

65e61383-a075-4142-8b54-e91befe4db54:9 StartDialogueOnPlay: Returning player, loading slot 0 (2025-12-26T14:09:49)

65e61383-a075-4142-8b54-e91befe4db54:9 SaveLoadManager: DialogueException on StartDialogue (expected if dialogue was waiting): No node named R1_D1_Start has been loaded.

_JS_Log_Dump @ 65e61383-a075-4142-8b54-e91befe4db54:9
65e61383-a075-4142-8b54-e91befe4db54:9 SaveLoadManager: Error loading game: No node named R1_D1_Start has been loaded.
  at Yarn.VirtualMachine.SetNode (System.String nodeName, System.Boolean clearState) [0x00000] in <00000000000000000000000000000000>:0 

_JS_Log_Dump @ 65e61383-a075-4142-8b54-e91befe4db54:9
65e61383-a075-4142-8b54-e91befe4db54:9 [Debug Nav] Loaded saved resume position: R1D1_Arthur_Intro

65e61383-a075-4142-8b54-e91befe4db54:9 === DialogueDebugNavigator: Navigation Enabled ===

65e61383-a075-4142-8b54-e91befe4db54:9   Ctrl+LeftArrow - Go back one node

65e61383-a075-4142-8b54-e91befe4db54:9   Ctrl+R - Resume to saved position

65e61383-a075-4142-8b54-e91befe4db54:9   Ctrl+Shift+C - Clear history

65e61383-a075-4142-8b54-e91befe4db54:9   Ctrl+J - Jump to day menu

65e61383-a075-4142-8b54-e91befe4db54:9   Saved resume position: R1D1_Arthur_Intro

65e61383-a075-4142-8b54-e91befe4db54:9 ==================================================

65e61383-a075-4142-8b54-e91befe4db54:9 ChoiceDiagnostics: Monitoring for option events (via Dialogue Runner state polling)

65e61383-a075-4142-8b54-e91befe4db54:9 === Choice Diagnostics Initial State ===

65e61383-a075-4142-8b54-e91befe4db54:9 DialogueRunner found: Dialogue System

65e61383-a075-4142-8b54-e91befe4db54:9 DialogueRunner has 3 presenter(s) registered

65e61383-a075-4142-8b54-e91befe4db54:9   - Presenter: LinePresenter, Active: True, GameObject: Line Presenter

65e61383-a075-4142-8b54-e91befe4db54:9   - Presenter: OptionsPresenter, Active: True, GameObject: Options Presenter

65e61383-a075-4142-8b54-e91befe4db54:9     Options Presenter - Has Prefab: True

65e61383-a075-4142-8b54-e91befe4db54:9   - Presenter: LineAdvancer, Active: True, GameObject: Line Advancer

65e61383-a075-4142-8b54-e91befe4db54:9 Options Presenter found: Options Presenter, Registered: True, Active: True

65e61383-a075-4142-8b54-e91befe4db54:9 Line Presenter found: Line Presenter

65e61383-a075-4142-8b54-e91befe4db54:9 CommandHandlerRegistrar: Registered 'bg' command

65e61383-a075-4142-8b54-e91befe4db54:9 CommandHandlerRegistrar: Registered 'bgm' and 'sfx' commands

65e61383-a075-4142-8b54-e91befe4db54:9 CommandHandlerRegistrar: Registered 'checkpoint' command

65e61383-a075-4142-8b54-e91befe4db54:9 Failed to register command store: a command by this name has already been registered.

_JS_Log_Dump @ 65e61383-a075-4142-8b54-e91befe4db54:9
65e61383-a075-4142-8b54-e91befe4db54:9 CommandHandlerRegistrar: Registered 'store' command with CompanyStore on CompanyStorePanel

65e61383-a075-4142-8b54-e91befe4db54:9 CommandHandlerRegistrar: Registered FMOD commands (music, music_stop, fmod, fmod_stop, fmod_loop, fmod_param)

65e61383-a075-4142-8b54-e91befe4db54:9 CommandHandlerRegistrar: All commands registered successfully!

65e61383-a075-4142-8b54-e91befe4db54:9 InvalidOperationException: You are trying to read Input using the UnityEngine.Input class, but you have switched active Input handling to Input System package in Player Settings.



_JS_Log_Dump @ 65e61383-a075-4142-8b54-e91befe4db54:9
65e61383-a075-4142-8b54-e91befe4db54:9 RenderGraph is now enabled.

65e61383-a075-4142-8b54-e91befe4db54:9 InvalidOperationException: You are trying to read Input using the UnityEngine.Input class, but you have switched active Input handling to Input System package in Player Settings.



_JS_Log_Dump @ 65e61383-a075-4142-8b54-e91befe4db54:9
65e61383-a075-4142-8b54-e91befe4db54:9 [FMODWebGLBankLoader] Waited one frame for FMOD initialization

65e61383-a075-4142-8b54-e91befe4db54:9 [FMODWebGLBankLoader] FMOD StudioSystem is valid

65e61383-a075-4142-8b54-e91befe4db54:9 [FMODWebGLBankLoader] Loading bank: Master.strings

65e61383-a075-4142-8b54-e91befe4db54:9 [FMODWebGLBankLoader] Application.absoluteURL: https://www.mentalbreak.io/

65e61383-a075-4142-8b54-e91befe4db54:9 [FMODWebGLBankLoader] Application.streamingAssetsPath: https://www.mentalbreak.io/StreamingAssets

65e61383-a075-4142-8b54-e91befe4db54:9 [FMODWebGLBankLoader] Relative URL: https://www.mentalbreak.io/StreamingAssets/Master.strings.bank

65e61383-a075-4142-8b54-e91befe4db54:9 [FMODWebGLBankLoader] Absolute URL: https://www.mentalbreak.io/StreamingAssets/Master.strings.bank

65e61383-a075-4142-8b54-e91befe4db54:9 [FMODWebGLBankLoader] Attempt 1: Trying relative URL: https://www.mentalbreak.io/StreamingAssets/Master.strings.bank

65e61383-a075-4142-8b54-e91befe4db54:9 InvalidOperationException: You are trying to read Input using the UnityEngine.Input class, but you have switched active Input handling to Input System package in Player Settings.



_JS_Log_Dump @ 65e61383-a075-4142-8b54-e91befe4db54:9
65e61383-a075-4142-8b54-e91befe4db54:9 [FMOD] Please add an 'FMOD Studio Listener' component to your camera in the scene for correct 3D positioning of sounds.

_JS_Log_Dump @ 65e61383-a075-4142-8b54-e91befe4db54:9
65e61383-a075-4142-8b54-e91befe4db54:9 InvalidOperationException: You are trying to read Input using the UnityEngine.Input class, but you have switched active Input handling to Input System package in Player Settings.



_JS_Log_Dump @ 65e61383-a075-4142-8b54-e91befe4db54:9
65e61383-a075-4142-8b54-e91befe4db54:9 InvalidOperationException: You are trying to read Input using the UnityEngine.Input class, but you have switched active Input handling to Input System package in Player Settings.



_JS_Log_Dump @ 65e61383-a075-4142-8b54-e91befe4db54:9
65e61383-a075-4142-8b54-e91befe4db54:9 [FMODWebGLBankLoader] Attempt 1 response code: 200

65e61383-a075-4142-8b54-e91befe4db54:9 [FMODWebGLBankLoader] Attempt 1 SUCCESS - got 1328 bytes

65e61383-a075-4142-8b54-e91befe4db54:9 [FMODWebGLBankLoader] Downloaded 1328 bytes for Master.strings.bank from https://www.mentalbreak.io/StreamingAssets/Master.strings.bank

65e61383-a075-4142-8b54-e91befe4db54:9 [FMODWebGLBankLoader] Bank already loaded (by FMOD auto-load): Master.strings.bank

65e61383-a075-4142-8b54-e91befe4db54:9 [FMODWebGLBankLoader] Loading bank: Master

65e61383-a075-4142-8b54-e91befe4db54:9 [FMODWebGLBankLoader] Application.absoluteURL: https://www.mentalbreak.io/

65e61383-a075-4142-8b54-e91befe4db54:9 [FMODWebGLBankLoader] Application.streamingAssetsPath: https://www.mentalbreak.io/StreamingAssets

65e61383-a075-4142-8b54-e91befe4db54:9 [FMODWebGLBankLoader] Relative URL: https://www.mentalbreak.io/StreamingAssets/Master.bank

65e61383-a075-4142-8b54-e91befe4db54:9 [FMODWebGLBankLoader] Absolute URL: https://www.mentalbreak.io/StreamingAssets/Master.bank

65e61383-a075-4142-8b54-e91befe4db54:9 [FMODWebGLBankLoader] Attempt 1: Trying relative URL: https://www.mentalbreak.io/StreamingAssets/Master.bank

65e61383-a075-4142-8b54-e91befe4db54:9 InvalidOperationException: You are trying to read Input using the UnityEngine.Input class, but you have switched active Input handling to Input System package in Player Settings.



_JS_Log_Dump @ 65e61383-a075-4142-8b54-e91befe4db54:9
65e61383-a075-4142-8b54-e91befe4db54:9 [FMODWebGLBankLoader] Attempt 1 response code: 200

65e61383-a075-4142-8b54-e91befe4db54:9 [FMODWebGLBankLoader] Attempt 1 SUCCESS - got 1036 bytes

65e61383-a075-4142-8b54-e91befe4db54:9 [FMODWebGLBankLoader] Downloaded 1036 bytes for Master.bank from https://www.mentalbreak.io/StreamingAssets/Master.bank

65e61383-a075-4142-8b54-e91befe4db54:9 [FMODWebGLBankLoader] Bank already loaded (by FMOD auto-load): Master.bank

65e61383-a075-4142-8b54-e91befe4db54:9 [FMODWebGLBankLoader] Loading bank: Music_A_Side

65e61383-a075-4142-8b54-e91befe4db54:9 [FMODWebGLBankLoader] Application.absoluteURL: https://www.mentalbreak.io/

65e61383-a075-4142-8b54-e91befe4db54:9 [FMODWebGLBankLoader] Application.streamingAssetsPath: https://www.mentalbreak.io/StreamingAssets

65e61383-a075-4142-8b54-e91befe4db54:9 [FMODWebGLBankLoader] Relative URL: https://www.mentalbreak.io/StreamingAssets/Music_A_Side.bank

65e61383-a075-4142-8b54-e91befe4db54:9 [FMODWebGLBankLoader] Absolute URL: https://www.mentalbreak.io/StreamingAssets/Music_A_Side.bank

65e61383-a075-4142-8b54-e91befe4db54:9 [FMODWebGLBankLoader] Attempt 1: Trying relative URL: https://www.mentalbreak.io/StreamingAssets/Music_A_Side.bank

65e61383-a075-4142-8b54-e91befe4db54:9 InvalidOperationException: You are trying to read Input using the UnityEngine.Input class, but you have switched active Input handling to Input System package in Player Settings.



_JS_Log_Dump @ 65e61383-a075-4142-8b54-e91befe4db54:9
65e61383-a075-4142-8b54-e91befe4db54:9 InvalidOperationException: You are trying to read Input using the UnityEngine.Input class, but you have switched active Input handling to Input System package in Player Settings.



_JS_Log_Dump @ 65e61383-a075-4142-8b54-e91befe4db54:9
65e61383-a075-4142-8b54-e91befe4db54:9 [FMODWebGLBankLoader] Attempt 1 response code: 200

65e61383-a075-4142-8b54-e91befe4db54:9 [FMODWebGLBankLoader] Attempt 1 SUCCESS - got 1722368 bytes

65e61383-a075-4142-8b54-e91befe4db54:9 [FMODWebGLBankLoader] Downloaded 1722368 bytes for Music_A_Side.bank from https://www.mentalbreak.io/StreamingAssets/Music_A_Side.bank

65e61383-a075-4142-8b54-e91befe4db54:9 [FMODWebGLBankLoader] Bank already loaded (by FMOD auto-load): Music_A_Side.bank

65e61383-a075-4142-8b54-e91befe4db54:9 [FMODWebGLBankLoader] Loading bank: Music_B_Side

65e61383-a075-4142-8b54-e91befe4db54:9 [FMODWebGLBankLoader] Application.absoluteURL: https://www.mentalbreak.io/

65e61383-a075-4142-8b54-e91befe4db54:9 [FMODWebGLBankLoader] Application.streamingAssetsPath: https://www.mentalbreak.io/StreamingAssets

65e61383-a075-4142-8b54-e91befe4db54:9 [FMODWebGLBankLoader] Relative URL: https://www.mentalbreak.io/StreamingAssets/Music_B_Side.bank

65e61383-a075-4142-8b54-e91befe4db54:9 [FMODWebGLBankLoader] Absolute URL: https://www.mentalbreak.io/StreamingAssets/Music_B_Side.bank

65e61383-a075-4142-8b54-e91befe4db54:9 [FMODWebGLBankLoader] Attempt 1: Trying relative URL: https://www.mentalbreak.io/StreamingAssets/Music_B_Side.bank

65e61383-a075-4142-8b54-e91befe4db54:9 InvalidOperationException: You are trying to read Input using the UnityEngine.Input class, but you have switched active Input handling to Input System package in Player Settings.



_JS_Log_Dump @ 65e61383-a075-4142-8b54-e91befe4db54:9
65e61383-a075-4142-8b54-e91befe4db54:9 InvalidOperationException: You are trying to read Input using the UnityEngine.Input class, but you have switched active Input handling to Input System package in Player Settings.



_JS_Log_Dump @ 65e61383-a075-4142-8b54-e91befe4db54:9
65e61383-a075-4142-8b54-e91befe4db54:9 InvalidOperationException: You are trying to read Input using the UnityEngine.Input class, but you have switched active Input handling to Input System package in Player Settings.



_JS_Log_Dump @ 65e61383-a075-4142-8b54-e91befe4db54:9
65e61383-a075-4142-8b54-e91befe4db54:9 [FMODWebGLBankLoader] Attempt 1 response code: 200

65e61383-a075-4142-8b54-e91befe4db54:9 [FMODWebGLBankLoader] Attempt 1 SUCCESS - got 4527872 bytes

65e61383-a075-4142-8b54-e91befe4db54:9 [FMODWebGLBankLoader] Downloaded 4527872 bytes for Music_B_Side.bank from https://www.mentalbreak.io/StreamingAssets/Music_B_Side.bank

65e61383-a075-4142-8b54-e91befe4db54:9 [FMODWebGLBankLoader] Bank already loaded (by FMOD auto-load): Music_B_Side.bank

65e61383-a075-4142-8b54-e91befe4db54:9 [FMODWebGLBankLoader] Loading bank: UI

65e61383-a075-4142-8b54-e91befe4db54:9 [FMODWebGLBankLoader] Application.absoluteURL: https://www.mentalbreak.io/

65e61383-a075-4142-8b54-e91befe4db54:9 [FMODWebGLBankLoader] Application.streamingAssetsPath: https://www.mentalbreak.io/StreamingAssets

65e61383-a075-4142-8b54-e91befe4db54:9 [FMODWebGLBankLoader] Relative URL: https://www.mentalbreak.io/StreamingAssets/UI.bank

65e61383-a075-4142-8b54-e91befe4db54:9 [FMODWebGLBankLoader] Absolute URL: https://www.mentalbreak.io/StreamingAssets/UI.bank

65e61383-a075-4142-8b54-e91befe4db54:9 [FMODWebGLBankLoader] Attempt 1: Trying relative URL: https://www.mentalbreak.io/StreamingAssets/UI.bank

65e61383-a075-4142-8b54-e91befe4db54:9 InvalidOperationException: You are trying to read Input using the UnityEngine.Input class, but you have switched active Input handling to Input System package in Player Settings.



_JS_Log_Dump @ 65e61383-a075-4142-8b54-e91befe4db54:9
65e61383-a075-4142-8b54-e91befe4db54:9 InvalidOperationException: You are trying to read Input using the UnityEngine.Input class, but you have switched active Input handling to Input System package in Player Settings.



_JS_Log_Dump @ 65e61383-a075-4142-8b54-e91befe4db54:9
65e61383-a075-4142-8b54-e91befe4db54:9 [FMODWebGLBankLoader] Attempt 1 response code: 200

65e61383-a075-4142-8b54-e91befe4db54:9 [FMODWebGLBankLoader] Attempt 1 SUCCESS - got 494 bytes

65e61383-a075-4142-8b54-e91befe4db54:9 [FMODWebGLBankLoader] Downloaded 494 bytes for UI.bank from https://www.mentalbreak.io/StreamingAssets/UI.bank

65e61383-a075-4142-8b54-e91befe4db54:9 [FMODWebGLBankLoader] Bank already loaded (by FMOD auto-load): UI.bank

65e61383-a075-4142-8b54-e91befe4db54:9 [FMODWebGLBankLoader] All banks processed. Loaded: 5/5

65e61383-a075-4142-8b54-e91befe4db54:9 [FMODWebGLBankLoader] SUCCESS - All banks loaded!

65e61383-a075-4142-8b54-e91befe4db54:9 [FMODWebGLBankLoader] === BANK STATUS ===

65e61383-a075-4142-8b54-e91befe4db54:9 [FMODWebGLBankLoader] Total banks loaded in FMOD: 5

65e61383-a075-4142-8b54-e91befe4db54:9 [FMODWebGLBankLoader] Bank: bank:/Master.strings | State: LOADED | Events: 0

65e61383-a075-4142-8b54-e91befe4db54:9 [FMODWebGLBankLoader] Bank: bank:/Master | State: LOADED | Events: 0

65e61383-a075-4142-8b54-e91befe4db54:9 [FMODWebGLBankLoader] Bank: bank:/Music_A_Side | State: LOADED | Events: 3

65e61383-a075-4142-8b54-e91befe4db54:9 [FMODWebGLBankLoader] Bank: bank:/UI.bank | State: LOADED | Events: 0

65e61383-a075-4142-8b54-e91befe4db54:9 [FMODWebGLBankLoader] Bank: bank:/Music_B_Side | State: LOADED | Events: 3

65e61383-a075-4142-8b54-e91befe4db54:9 [FMODWebGLBankLoader] Testing event lookup...

65e61383-a075-4142-8b54-e91befe4db54:9 [FMODWebGLBankLoader] SUCCESS - event:/ASIDE_Supervisor found!

65e61383-a075-4142-8b54-e91befe4db54:9 [FMODWebGLBankLoader] === END BANK STATUS ===

65e61383-a075-4142-8b54-e91befe4db54:9 InvalidOperationException: You are trying to read Input using the UnityEngine.Input class, but you have switched active Input handling to Input System package in Player Settings.



_JS_Log_Dump @ 65e61383-a075-4142-8b54-e91befe4db54:9
65e61383-a075-4142-8b54-e91befe4db54:9 InvalidOperationException: You are trying to read Input using the UnityEngine.Input class, but you have switched active Input handling to Input System package in Player Settings.



_JS_Log_Dump @ 65e61383-a075-4142-8b54-e91befe4db54:9
65e61383-a075-4142-8b54-e91befe4db54:9 InvalidOperationException: You are trying to read Input using the UnityEngine.Input class, but you have switched active Input handling to Input System package in Player Settings.



_JS_Log_Dump @ 65e61383-a075-4142-8b54-e91befe4db54:9
65e61383-a075-4142-8b54-e91befe4db54:9 InvalidOperationException: You are trying to read Input using the UnityEngine.Input class, but you have switched active Input handling to Input System package in Player Settings.



_JS_Log_Dump @ 65e61383-a075-4142-8b54-e91befe4db54:9
65e61383-a075-4142-8b54-e91befe4db54:9 InvalidOperationException: You are trying to read Input using the UnityEngine.Input class, but you have switched active Input handling to Input System package in Player Settings.



_JS_Log_Dump @ 65e61383-a075-4142-8b54-e91befe4db54:9
65e61383-a075-4142-8b54-e91befe4db54:9 InvalidOperationException: You are trying to read Input using the UnityEngine.Input class, but you have switched active Input handling to Input System package in Player Settings.



_JS_Log_Dump @ 65e61383-a075-4142-8b54-e91befe4db54:9
65e61383-a075-4142-8b54-e91befe4db54:9 InvalidOperationException: You are trying to read Input using the UnityEngine.Input class, but you have switched active Input handling to Input System package in Player Settings.



_JS_Log_Dump @ 65e61383-a075-4142-8b54-e91befe4db54:9
65e61383-a075-4142-8b54-e91befe4db54:9 InvalidOperationException: You are trying to read Input using the UnityEngine.Input class, but you have switched active Input handling to Input System package in Player Settings.



_JS_Log_Dump @ 65e61383-a075-4142-8b54-e91befe4db54:9
65e61383-a075-4142-8b54-e91befe4db54:9 InvalidOperationException: You are trying to read Input using the UnityEngine.Input class, but you have switched active Input handling to Input System package in Player Settings.



_JS_Log_Dump @ 65e61383-a075-4142-8b54-e91befe4db54:9
65e61383-a075-4142-8b54-e91befe4db54:9 InvalidOperationException: You are trying to read Input using the UnityEngine.Input class, but you have switched active Input handling to Input System package in Player Settings.



_JS_Log_Dump @ 65e61383-a075-4142-8b54-e91befe4db54:9
65e61383-a075-4142-8b54-e91befe4db54:9 InvalidOperationException: You are trying to read Input using the UnityEngine.Input class, but you have switched active Input handling to Input System package in Player Settings.



_JS_Log_Dump @ 65e61383-a075-4142-8b54-e91befe4db54:9
65e61383-a075-4142-8b54-e91befe4db54:9 InvalidOperationException: You are trying to read Input using the UnityEngine.Input class, but you have switched active Input handling to Input System package in Player Settings.



_JS_Log_Dump @ 65e61383-a075-4142-8b54-e91befe4db54:9
65e61383-a075-4142-8b54-e91befe4db54:9 InvalidOperationException: You are trying to read Input using the UnityEngine.Input class, but you have switched active Input handling to Input System package in Player Settings.



_JS_Log_Dump @ 65e61383-a075-4142-8b54-e91befe4db54:9
65e61383-a075-4142-8b54-e91befe4db54:9 InvalidOperationException: You are trying to read Input using the UnityEngine.Input class, but you have switched active Input handling to Input System package in Player Settings.



_JS_Log_Dump @ 65e61383-a075-4142-8b54-e91befe4db54:9
65e61383-a075-4142-8b54-e91befe4db54:9 InvalidOperationException: You are trying to read Input using the UnityEngine.Input class, but you have switched active Input handling to Input System package in Player Settings.



_JS_Log_Dump @ 65e61383-a075-4142-8b54-e91befe4db54:9
65e61383-a075-4142-8b54-e91befe4db54:9 InvalidOperationException: You are trying to read Input using the UnityEngine.Input class, but you have switched active Input handling to Input System package in Player Settings.



_JS_Log_Dump @ 65e61383-a075-4142-8b54-e91befe4db54:9
65e61383-a075-4142-8b54-e91befe4db54:9 InvalidOperationException: You are trying to read Input using the UnityEngine.Input class, but you have switched active Input handling to Input System package in Player Settings.



_JS_Log_Dump @ 65e61383-a075-4142-8b54-e91befe4db54:9
65e61383-a075-4142-8b54-e91befe4db54:9 InvalidOperationException: You are trying to read Input using the UnityEngine.Input class, but you have switched active Input handling to Input System package in Player Settings.



_JS_Log_Dump @ 65e61383-a075-4142-8b54-e91befe4db54:9
65e61383-a075-4142-8b54-e91befe4db54:9 InvalidOperationException: You are trying to read Input using the UnityEngine.Input class, but you have switched active Input handling to Input System package in Player Settings.



_JS_Log_Dump @ 65e61383-a075-4142-8b54-e91befe4db54:9
65e61383-a075-4142-8b54-e91befe4db54:9 InvalidOperationException: You are trying to read Input using the UnityEngine.Input class, but you have switched active Input handling to Input System package in Player Settings.



_JS_Log_Dump @ 65e61383-a075-4142-8b54-e91befe4db54:9
65e61383-a075-4142-8b54-e91befe4db54:9 InvalidOperationException: You are trying to read Input using the UnityEngine.Input class, but you have switched active Input handling to Input System package in Player Settings.



_JS_Log_Dump @ 65e61383-a075-4142-8b54-e91befe4db54:9
65e61383-a075-4142-8b54-e91befe4db54:9 InvalidOperationException: You are trying to read Input using the UnityEngine.Input class, but you have switched active Input handling to Input System package in Player Settings.



_JS_Log_Dump @ 65e61383-a075-4142-8b54-e91befe4db54:9
65e61383-a075-4142-8b54-e91befe4db54:9 InvalidOperationException: You are trying to read Input using the UnityEngine.Input class, but you have switched active Input handling to Input System package in Player Settings.



_JS_Log_Dump @ 65e61383-a075-4142-8b54-e91befe4db54:9
65e61383-a075-4142-8b54-e91befe4db54:9 InvalidOperationException: You are trying to read Input using the UnityEngine.Input class, but you have switched active Input handling to Input System package in Player Settings.



_JS_Log_Dump @ 65e61383-a075-4142-8b54-e91befe4db54:9
65e61383-a075-4142-8b54-e91befe4db54:9 InvalidOperationException: You are trying to read Input using the UnityEngine.Input class, but you have switched active Input handling to Input System package in Player Settings.



_JS_Log_Dump @ 65e61383-a075-4142-8b54-e91befe4db54:9
65e61383-a075-4142-8b54-e91befe4db54:9 InvalidOperationException: You are trying to read Input using the UnityEngine.Input class, but you have switched active Input handling to Input System package in Player Settings.



_JS_Log_Dump @ 65e61383-a075-4142-8b54-e91befe4db54:9
65e61383-a075-4142-8b54-e91befe4db54:9 InvalidOperationException: You are trying to read Input using the UnityEngine.Input class, but you have switched active Input handling to Input System package in Player Settings.



_JS_Log_Dump @ 65e61383-a075-4142-8b54-e91befe4db54:9
65e61383-a075-4142-8b54-e91befe4db54:9 InvalidOperationException: You are trying to read Input using the UnityEngine.Input class, but you have switched active Input handling to Input System package in Player Settings.



_JS_Log_Dump @ 65e61383-a075-4142-8b54-e91befe4db54:9
65e61383-a075-4142-8b54-e91befe4db54:9 InvalidOperationException: You are trying to read Input using the UnityEngine.Input class, but you have switched active Input handling to Input System package in Player Settings.



_JS_Log_Dump @ 65e61383-a075-4142-8b54-e91befe4db54:9
65e61383-a075-4142-8b54-e91befe4db54:9 InvalidOperationException: You are trying to read Input using the UnityEngine.Input class, but you have switched active Input handling to Input System package in Player Settings.



_JS_Log_Dump @ 65e61383-a075-4142-8b54-e91befe4db54:9
65e61383-a075-4142-8b54-e91befe4db54:9 InvalidOperationException: You are trying to read Input using the UnityEngine.Input class, but you have switched active Input handling to Input System package in Player Settings.



_JS_Log_Dump @ 65e61383-a075-4142-8b54-e91befe4db54:9
65e61383-a075-4142-8b54-e91befe4db54:9 InvalidOperationException: You are trying to read Input using the UnityEngine.Input class, but you have switched active Input handling to Input System package in Player Settings.



_JS_Log_Dump @ 65e61383-a075-4142-8b54-e91befe4db54:9
65e61383-a075-4142-8b54-e91befe4db54:9 InvalidOperationException: You are trying to read Input using the UnityEngine.Input class, but you have switched active Input handling to Input System package in Player Settings.



_JS_Log_Dump @ 65e61383-a075-4142-8b54-e91befe4db54:9
65e61383-a075-4142-8b54-e91befe4db54:9 InvalidOperationException: You are trying to read Input using the UnityEngine.Input class, but you have switched active Input handling to Input System package in Player Settings.



_JS_Log_Dump @ 65e61383-a075-4142-8b54-e91befe4db54:9
65e61383-a075-4142-8b54-e91befe4db54:9 InvalidOperationException: You are trying to read Input using the UnityEngine.Input class, but you have switched active Input handling to Input System package in Player Settings.



_JS_Log_Dump @ 65e61383-a075-4142-8b54-e91befe4db54:9
65e61383-a075-4142-8b54-e91befe4db54:9 InvalidOperationException: You are trying to read Input using the UnityEngine.Input class, but you have switched active Input handling to Input System package in Player Settings.



_JS_Log_Dump @ 65e61383-a075-4142-8b54-e91befe4db54:9
65e61383-a075-4142-8b54-e91befe4db54:9 InvalidOperationException: You are trying to read Input using the UnityEngine.Input class, but you have switched active Input handling to Input System package in Player Settings.



_JS_Log_Dump @ 65e61383-a075-4142-8b54-e91befe4db54:9
65e61383-a075-4142-8b54-e91befe4db54:9 InvalidOperationException: You are trying to read Input using the UnityEngine.Input class, but you have switched active Input handling to Input System package in Player Settings.



_JS_Log_Dump @ 65e61383-a075-4142-8b54-e91befe4db54:9
65e61383-a075-4142-8b54-e91befe4db54:9 InvalidOperationException: You are trying to read Input using the UnityEngine.Input class, but you have switched active Input handling to Input System package in Player Settings.



_JS_Log_Dump @ 65e61383-a075-4142-8b54-e91befe4db54:9
65e61383-a075-4142-8b54-e91befe4db54:9 InvalidOperationException: You are trying to read Input using the UnityEngine.Input class, but you have switched active Input handling to Input System package in Player Settings.



_JS_Log_Dump @ 65e61383-a075-4142-8b54-e91befe4db54:9
65e61383-a075-4142-8b54-e91befe4db54:9 InvalidOperationException: You are trying to read Input using the UnityEngine.Input class, but you have switched active Input handling to Input System package in Player Settings.



_JS_Log_Dump @ 65e61383-a075-4142-8b54-e91befe4db54:9
65e61383-a075-4142-8b54-e91befe4db54:9 InvalidOperationException: You are trying to read Input using the UnityEngine.Input class, but you have switched active Input handling to Input System package in Player Settings.



_JS_Log_Dump @ 65e61383-a075-4142-8b54-e91befe4db54:9
65e61383-a075-4142-8b54-e91befe4db54:9 InvalidOperationException: You are trying to read Input using the UnityEngine.Input class, but you have switched active Input handling to Input System package in Player Settings.



_JS_Log_Dump @ 65e61383-a075-4142-8b54-e91befe4db54:9
65e61383-a075-4142-8b54-e91befe4db54:9 Manual synchronization of Unity Application.persistentDataPath via JS_FileSystem_Sync() is deprecated and will be later removed in a future Unity version. The persistent data directory will be automatically synchronized instead on file modification. Pass config.autoSyncPersistentDataPath = true; to configuration in createUnityInstance() to opt in to the new behavior.
_JS_FileSystem_Sync @ 65e61383-a075-4142-8b54-e91befe4db54:9
65e61383-a075-4142-8b54-e91befe4db54:9 [Settings] Saved to PlayerPrefs

65e61383-a075-4142-8b54-e91befe4db54:9 InvalidOperationException: You are trying to read Input using the UnityEngine.Input class, but you have switched active Input handling to Input System package in Player Settings.



_JS_Log_Dump @ 65e61383-a075-4142-8b54-e91befe4db54:9
